data/processed/21755_timeseries.csv
date,day_of_week,day_of_year,price,demand,revenue,seasonal
2020-08-21,4,234,10.787463979441533,186,2006.4683001761252,0.9733833612954389
2020-08-22,5,235,10.782578200717825,157,1692.8647775126985,0.8664036259845587
2020-08-23,6,236,10.819089272670157,127,1374.0243376291098,0.6964223544414816
2020-08-24,0,237,10.816081268480753,91,984.2633954317484,0.589571443859723
2020-08-25,1,238,10.852524013581935,109,1182.9251174804308,0.6244931028496847
2020-08-26,2,239,10.865219430791797,143,1553.726378603227,0.7731212021132707
2020-08-27,3,240,10.873122493553018,170,1848.4308239040129,0.9218161654087682
2020-08-28,4,241,10.870573252101627,186,2021.9266248909025,0.956938396681207
2020-08-29,5,242,10.892492088410629,139,1514.0564002890774,0.8504217071985791
2020-08-30,6,243,10.895034961286003,126,1372.7744051220363,0.6809082065343773
2020-08-31,0,244,10.87405740483203,95,1033.0354534590429,0.5745296532715087
2020-09-01,1,245,10.852329061639418,115,1248.0178420885331,0.6099281160507063
2020-09-02,2,246,10.861837052428552,135,1466.3480020778545,0.7590373242866205
2020-09-03,3,247,10.841416545658584,165,1788.8337300336664,0.9082175591745665
2020-09-04,4,248,10.840016039496291,171,1853.6427427538658,0.9438290808631269
2020-09-05,5,249,10.863807913408618,139,1510.069299963798,0.837805555632994
2020-09-06,6,250,10.8706487438236,117,1271.8659030273611,0.6687889469224353
2020-09-07,0,251,10.854397142370836,76,824.9341828201835,0.5629108660745514
2020-09-08,1,252,10.886128825791312,123,1338.9938455723313,0.5988132334293029
2020-09-09,2,253,10.898458724766309,147,1602.0734325406474,0.7484296290835374
2020-09-10,3,254,10.921364094205021,155,1692.8114346017783,0.8981201839419937
2020-09-11,4,255,10.87033283123894,169,1837.0862484793809,0.9342450069344237
2020-09-12,5,256,10.877778655195035,136,1479.3778971065249,0.8287376122392764
2020-09-13,6,257,10.896731366218305,108,1176.8469875515768,0.6602398103542007
2020-09-14,0,258,10.934996258975396,105,1148.1746071924165,0.5548830588886371
2020-09-15,1,259,10.902053110532862,113,1231.9320014902135,0.5913091237013954
2020-09-16,2,260,10.92919664620097,143,1562.8751204067387,0.7414514297064676
2020-09-17,3,261,10.966203324784196,157,1721.6939219911187,0.8916699519700085
2020-09-18,4,262,10.920804358717284,164,1791.0119148296346,0.9283246429736318
2020-09-19,5,263,10.93157502261404,155,1694.394128505176,0.8233488598844522
2020-09-20,6,264,10.94547454157651,111,1214.9476741149927,0.6553842556721333
2020-09-21,0,265,10.93811525396449,95,1039.1209491266266,0.5505621299481378
2020-09-22,1,266,10.927085707869342,101,1103.6356564948035,0.5875240901501287
2020-09-23,2,267,10.942115719676528,141,1542.8383164743905,0.7382034023947337
2020-09-24,3,268,10.928275592620206,158,1726.6675436339926,0.888959882621552
2020-09-25,4,269,10.923386409662285,164,1791.4353711846147,0.9261533239036599
2020-09-26,5,270,10.941670207823831,153,1674.075541797046,0.8217169237648373
2020-09-27,6,271,10.981144840272924,103,1131.057918548111,0.6542921753439301
2020-09-28,0,272,10.993252143692889,113,1242.2374922372965,0.5500102182814797
2020-09-29,1,273,10.996256204165155,105,1154.6069014373413,0.5875124999515262
2020-09-30,2,274,10.984634710097025,150,1647.6952065145538,0.7387321263617725
2020-10-01,3,275,10.961891217484169,163,1786.7882684499195,0.8900287533450787
2020-10-02,4,276,10.986862208503231,151,1659.016193483988,0.9277620139173764
2020-10-03,5,277,10.983408828911736,157,1724.3951861391427,0.8238649456423406
2020-10-04,6,278,11.009305336307591,102,1122.9491443033744,0.6569788818431466
2020-10-05,0,279,11.001888791283594,110,1210.2077670411954,0.5532348025364571
2020-10-06,1,280,10.987276589344871,119,1307.4859141320396,0.5912739957115206
2020-10-07,2,281,10.99674664281269,127,1396.5868236372116,0.7430294082775772
2020-10-08,3,282,10.99502420614205,165,1814.1789940134383,0.8948605373024882
2020-10-09,4,283,10.967893858021455,178,1952.2851067278189,0.933126857417694
2020-10-10,5,284,11.008793622043434,159,1750.398185904906,0.8297612482298146
2020-10-11,6,285,10.994683390246918,119,1308.3673234393832,0.6634048855792365
2020-10-12,0,286,11.01555878116416,84,925.3069376177893,0.5601885925207367
2020-10-13,1,287,11.034504713542539,121,1335.1750703386472,0.5987535006491114
2020-10-14,2,288,11.006160580415905,123,1353.7577513911563,0.7510324010929041
2020-10-15,3,289,10.983601907277652,162,1779.3435089789796,0.9033846357992377
2020-10-16,4,290,10.976816457876959,180,1975.8269624178527,0.9421695249846749
2020-10-17,5,291,10.957335134900486,134,1468.282908076665,0.8393197945926439
2020-10-18,6,292,10.996188930824482,108,1187.588404529044,0.6734764675974925
2020-10-19,0,293,10.991683990260787,104,1143.1351349871218,0.5707702150304793
2020-10-20,1,294,11.011707738498023,115,1266.3463899272726,0.6098420173503789
2020-10-21,2,295,11.023267116780737,117,1289.7222526633461,0.7626245154820683
2020-10-22,3,296,11.02920892598006,167,1841.87789063867,0.9154769021457813
2020-10-23,4,297,11.03011635238191,173,1908.2101289620705,0.954758349352272
2020-10-24,5,298,11.057957903917572,147,1625.519811875883,0.8524014359041079
2020-10-25,6,299,11.03938923660199,110,1214.3328160262188,0.6870470387433609
2020-10-26,0,300,11.078240308046025,127,1406.936519121845,0.5848256840207957
2020-10-27,1,301,11.049271428450464,119,1314.8632999856052,0.6243782085095099
2020-10-28,2,302,11.066859302429869,132,1460.8254279207426,0.7776371106860225
2020-10-29,3,303,11.035236174997772,180,1986.342511499599,0.9309614421017702
2020-10-30,4,304,11.02813124069529,167,1841.6979171961134,0.9707102349200917
2020-10-31,5,305,11.030231175191263,150,1654.5346762786894,0.86881592945896
2020-11-01,6,306,11.019278125888313,120,1322.3133751065975,0.7039192655797046
2020-11-02,0,307,11.015189663243982,105,1156.594914640618,0.6021506337968702
2020-11-03,1,308,10.983975977445553,89,977.5738619926542,0.6421507367319558
2020-11-04,2,309,10.961753464544696,137,1501.7602246426234,0.7958519402343304
2020-11-05,3,310,10.972966881555896,176,1931.2421711538377,0.9496131647919908
2020-11-06,4,311,10.97363464417715,182,1997.2015052402412,0.9897933131074316
2020-11-07,5,312,10.958094352842783,148,1621.797964220732,0.8883246976786757
2020-11-08,6,313,10.987897143572638,117,1285.5839657979986,0.7238479322259
2020-11-09,0,314,10.960442672668158,115,1260.4509073568381,0.6224932828386854
2020-11-10,1,315,10.952305101167607,107,1171.896645824934,0.6629013294666151
2020-11-11,2,316,10.94092533729981,146,1597.3750992457722,0.81700431707654
2020-11-12,3,317,10.954766721804999,188,2059.49614369934,0.9711610470991627
2020-11-13,4,318,10.95585064275248,165,1807.7153560541592,1.0117303050401514
2020-11-14,5,319,10.953416390440415,140,1533.478294661658,0.9106442880959571
2020-11-15,6,320,10.911912405388241,134,1462.1962623220243,0.746543496614589
2020-11-16,0,321,10.931379953902733,105,1147.7948951597868,0.6455580852763945
2020-11-17,1,322,10.926477797153042,112,1223.7655132811408,0.6863285246177796
2020-11-18,2,323,10.929080741338481,139,1519.142223046049,0.8407869522207886
2020-11-19,3,324,10.912234371477373,170,1855.0798431511535,0.9952920641916071
2020-11-20,4,325,10.89184875011685,188,2047.6675650219677,1.0362025428028048
2020-11-21,5,326,10.925590130176035,175,1911.978272780806,0.9354504841397818
2020-11-22,6,327,10.885683503535136,151,1643.7382090338056,0.7716762895914994
2020-11-23,0,328,10.861958818361552,122,1325.1589758401094,0.6710100170605819
2020-11-24,1,329,10.895277204452183,141,1536.2340858277578,0.7120920425157296
2020-11-25,2,330,10.909697162889517,132,1440.0800255014162,0.866854411209302
2020-11-26,3,331,10.902372648354888,178,1940.6223314071701,1.021655729183151
2020-11-27,4,332,10.930427222790657,197,2153.2941628897593,1.0628545909376441
2020-11-28,5,333,10.940483782604057,180,1969.2870808687303,0.9623830071040173
2020-11-29,6,334,10.94571978386101,126,1379.1606927664873,0.7988812959604951
2020-11-30,0,335,10.950796043373531,130,1423.603485638559,0.6984794346669922
2020-12-01,1,336,10.961266201231055,142,1556.4998005748098,0.7398177208414344
2020-12-02,2,337,10.972646780297948,148,1623.9517234840964,0.8948281238006128
2020-12-03,3,338,11.022067020647821,188,2072.1485998817902,1.0498691760884737
2020-12-04,4,339,11.017680969743132,192,2115.3947461906814,1.0912994011669332
2020-12-05,5,340,11.013989097724798,141,1552.9724627791966,0.9910507411092874
2020-12-06,6,341,10.986152891567233,151,1658.9090866266522,0.8277634481365942
2020-12-07,0,342,10.98498494402487,122,1340.1681631710342,0.7275674358720955
2020-12-08,1,343,11.026909100698253,145,1598.9018196012466,0.7691029409361765
2020-12-09,2,344,11.049064875960159,149,1646.3106665180637,0.9243018742054181
2020-12-10,3,345,11.036829666362593,177,1953.5188509461789,1.0795227123581632
2020-12-11,4,346,11.037505745448865,198,2185.4261375988754,1.121123925581897
2020-12-12,5,347,11.008329478446992,170,1871.4160113359887,1.021037405282443
2020-12-13,6,348,10.986519506389378,161,1768.8296405286899,0.8579033556353622
2020-12-14,0,349,10.989882670463997,129,1417.6948644898555,0.757851644854565
2020-12-15,1,350,10.97875499962065,137,1504.089434948029,0.7995224668008049
2020-12-16,2,351,10.955246344725076,164,1796.6604005349125,0.9548476922533417
2020-12-17,3,352,10.966270181422248,191,2094.5576046516494,1.1101857604674528
2020-12-18,4,353,10.964419148211324,212,2324.456859420801,1.1518951068927945
2020-12-19,5,354,10.92914152218247,177,1934.458049426297,1.05190759089298
2020-12-20,6,355,10.882440465585223,163,1773.8377958903914,0.8888633873064852
2020-12-21,0,356,10.869612391386141,134,1456.528060445743,0.7888923377238883
2020-12-22,1,357,10.83386858067558,168,1820.0899215534973,0.8306346121042856
2020-12-23,2,358,10.791808842839274,175,1888.5665474968728,0.986022060054034
2020-12-24,3,359,10.817216226234674,210,2271.6154075092813,1.1414131023905407
2020-12-25,4,360,10.815017248585301,201,2173.8184669656453,1.183166158866088
2020-12-26,5,361,10.80904339394505,199,2150.999635395065,1.0832130758920717
2020-12-27,6,362,10.804803332481088,152,1642.3301065371254,0.9201940181037132
2020-12-28,0,363,10.779196488947264,142,1530.6459014305115,0.8202388196403203
2020-12-29,1,364,10.7884454826115,144,1553.5361494960562,0.8619876457639927
2020-12-30,2,365,10.785504079686536,196,2113.958799618561,1.0173723441396572
2020-12-31,3,366,10.768458643827378,220,2369.060901642023,1.1727513363994868
2021-01-01,4,1,10.754783997140297,236,2538.12902332511,1.2144830458664377
2021-01-02,5,2,10.727160113255884,211,2263.4307838969917,1.1144993252775004
2021-01-03,6,3,10.718017642043518,201,2154.321546050747,0.951440348346486
2021-01-04,0,4,10.712624831122099,168,1799.7209716285126,0.8514359610416065
2021-01-05,1,5,10.702896321021907,155,1658.9489297583955,0.8931263432006655
2021-01-06,2,6,10.704137570989259,200,2140.8275141978515,1.048443359806815
2021-01-07,3,7,10.702370669836037,251,2686.2950381288456,1.2037454525477602
2021-01-08,4,8,10.707564101800493,209,2237.880897276303,1.2453910675334974
2021-01-09,5,9,10.728788443409082,227,2435.4349766538617,1.145312083012635
2021-01-10,6,10,10.742134400791546,193,2073.231939352768,0.9821487009277481
2021-01-11,0,11,10.763617387247757,172,1851.3421906066142,0.8820307981845488
2021-01-12,1,12,10.744539179828235,174,1869.549817290113,0.9235985882579179
2021-01-13,2,13,10.733092832488847,196,2103.686195167814,1.078783972457701
2021-01-14,3,14,10.747801986214522,250,2686.9504965536307,1.2339454314771015
2021-01-15,4,15,10.762913550478931,271,2916.7495721797904,1.275441453098931
2021-01-16,5,16,10.74764123464572,214,2299.995224214184,1.1752039598995545
2021-01-17,6,17,10.761404893797362,178,1915.5300710959305,1.011873200791064
2021-01-18,0,18,10.740170760745968,161,1729.167492480101,0.9115791022766271
2021-01-19,1,19,10.750996890637415,168,1806.1674776270856,0.9529619300417138
2021-01-20,2,20,10.750405096232036,198,2128.5802090539432,1.1079536402044856
2021-01-21,3,21,10.719248456944616,230,2465.4271450972615,1.2629127708479646
2021-01-22,4,22,10.709479651916409,235,2516.727718200356,1.304197869709219
2021-01-23,5,23,10.758591456599403,207,2227.0284315160766,1.2037409218655768
2021-01-24,6,24,10.763155016363873,175,1883.5521278636777,1.0401822412582749
2021-01-25,0,25,10.8149265035469,175,1892.6121381207074,0.9396518219285407
2021-01-26,1,26,10.782431024579216,173,1865.3605672522044,0.9807899995888106
2021-01-27,2,27,10.799326423083862,189,2041.0726939628498,1.1355288028523343
2021-01-28,3,28,10.742291340817566,245,2631.8613785003035,1.2902268447439347
2021-01-29,4,29,10.742286041243842,226,2427.7566453211084,1.3312427503668838
2021-01-30,5,30,10.756491550038865,239,2570.8014804592885,1.2305085845662833
2021-01-31,6,31,10.775348215801174,177,1907.2366341968077,1.0666647434290448
2021-02-01,0,32,10.7573606991324,171,1839.5086795516404,0.9658413054956124
2021-02-02,1,33,10.78074536604879,183,1972.8764019869286,1.006678693306148
2021-02-03,2,34,10.768734147748594,191,2056.8282222199814,1.161109024604431
2021-02-04,3,35,10.765041149066287,217,2336.013929347384,1.3154910038221885
2021-02-05,4,36,10.755289258804561,221,2376.918926195808,1.3561833497188824
2021-02-06,5,37,10.729714885398582,266,2854.1041595160227,1.2551182230173423
2021-02-07,6,38,10.765041329495855,190,2045.3578526042124,1.090936117875345
2021-02-08,0,39,10.766121967558284,180,1937.9019541604912,0.9897672130682269
2021-02-09,1,40,10.79059200171434,187,2017.8407043205818,1.0302520335054803
2021-02-10,2,41,10.814103164839103,192,2076.307807649108,1.1843228014042018
2021-02-11,3,42,10.792319729031185,235,2536.1951363223284,1.3383383277424923
2021-02-12,4,43,10.81968859897096,259,2802.2993471334785,1.378657439867719
2021-02-13,5,44,10.831017905985428,241,2610.2753153424883,1.2772124090999368
2021-02-14,6,45,10.807592472665542,212,2291.209604205095,1.1126438421707006
2021-02-15,0,46,10.817693833398035,194,2098.632603679219,1.0110820323723169
2021-02-16,1,47,10.794672003201297,192,2072.577024614649,1.0511676210404892
2021-02-17,2,48,10.830825251326484,230,2491.0898078050914,1.2048329486933158
2021-02-18,3,49,10.849139472657457,238,2582.095194492475,1.3584369464495867
2021-02-19,4,50,10.84753827858115,269,2917.987796938329,1.3983385636014887
2021-02-20,5,51,10.876002607287393,244,2653.744636178124,1.2964701951818154
2021-02-21,6,52,10.840400071305144,182,1972.9528129775363,1.1314725733662276
2021-02-22,0,53,10.823536190800244,208,2251.295527686451,1.0294761185852528
2021-02-23,1,54,10.817855500274007,208,2250.113944056993,1.0691216009692794
2021-02-24,2,55,10.868169448415069,239,2597.4924981712015,1.2223414914493917
2021-02-25,3,56,10.844078295665346,269,2917.057061533978,1.3754948531370257
2021-02-26,4,57,10.805655479009959,274,2960.7496012487286,1.414940768857562
2021-02-27,5,58,10.77314967062117,229,2467.0512745722476,1.3126117686779881
2021-02-28,6,59,10.793544003787485,218,2352.9925928256716,1.1471487212690503
2021-03-01,0,60,10.780171742782123,175,1886.5300549868716,1.0446821849769585
2021-03-02,1,61,10.776591507050547,205,2209.201258945362,1.083853069227383
2021-03-03,2,62,10.793759009378759,205,2212.7205969226457,1.2365939855850876
2021-03-04,3,63,10.790201324415822,241,2600.438519184213,1.3892641390918765
2021-03-05,4,64,10.794795631366945,248,2677.1093165790026,1.4282227557581402
2021-03-06,5,65,10.806840615798281,215,2323.4707323966304,1.3254025100480862
2021-03-07,6,66,10.79714826972162,205,2213.415395292932,1.159444416199124
2021-03-08,0,67,10.79340531437653,200,2158.681062875306,1.0564791792504085
2021-03-09,1,68,10.79885050602899,214,2310.9540082902035,1.0951478564033732
2021-03-10,2,69,10.818388827906158,228,2466.5926527626043,1.2473832080375684
2021-03-11,3,70,10.800556605680107,256,2764.9424910541074,1.3995445890045677
2021-03-12,4,71,10.732578727784471,253,2715.3424181294713,1.437991376075019
2021-03-13,5,72,10.747872705338555,257,2762.2032852720085,1.3346563953792963
2021-03-14,6,73,10.768750895815696,198,2132.2126773715077,1.1681808136818923
2021-03-15,0,74,10.773252652500561,196,2111.55751989011,1.0646954893647773
2021-03-16,1,75,10.779290575118777,200,2155.8581150237555,1.1028416337424984
2021-03-17,2,76,10.766590815181633,228,2454.7827058614125,1.2545521620323472
2021-03-18,3,77,10.777847412742645,289,3114.7979022826244,1.406186584602389
2021-03-19,4,78,10.797047880267383,254,2742.4501615879153,1.444104434372393
2021-03-20,5,79,10.798319327003995,269,2904.7478989640745,1.3402386942082865
2021-03-21,6,80,10.854384719554153,208,2257.712021667264,1.17323068815006
2021-03-22,0,81,10.819192821231093,193,2088.104214497601,1.0692114323484836
2021-03-23,1,82,10.822860263748622,230,2489.257860662183,1.1068222963335455
2021-03-24,2,83,10.796431521566758,231,2493.975681481921,1.2579963539376766
2021-03-25,3,84,10.816232400714826,246,2660.7931705758474,1.4090932744967544
2021-03-26,4,85,10.780641392137468,275,2964.676382837804,1.4464727502040262
2021-03-27,5,86,10.750621568732967,226,2429.6404745336504,1.3420679234572597
2021-03-28,6,87,10.736371735044399,207,2222.4289491541904,1.1745202780394322
2021-03-29,0,88,10.74235427190188,211,2266.6367513712967,1.069960990008102
2021-03-30,1,89,10.728953224420755,230,2467.6592416167737,1.1070315889164641
2021-03-31,2,90,10.715777904318248,244,2614.6498086536526,1.2576653086891656
2021-04-01,3,91,10.711706975602773,255,2731.485278778707,1.4082219787758126
2021-04-02,4,92,10.706255375517141,278,2976.3389943937655,1.4450614514575568
2021-04-03,5,93,10.739730333774043,216,2319.781752095193,1.3401170291467097
2021-04-04,6,94,10.755166721915504,241,2591.9951799816367,1.1720303555200406
2021-04-05,0,95,10.747862142075155,179,1923.8673234314526,1.066932766360829
2021-04-06,1,96,10.795055267934352,202,2180.601164122739,1.1034659507324982
2021-04-07,2,97,10.806120072850806,242,2615.081057629895,1.2535633018072052
2021-04-08,3,98,10.784313640572254,259,2793.1372329082137,1.4035848079722015
2021-04-09,4,99,10.7900864667309,296,3193.865594152346,1.4398904800892505
2021-04-10,5,100,10.802138144069435,227,2452.085358703762,1.334413778747289
