data/processed/21755_timeseries.csv
date,day_of_week,day_of_year,price,demand,revenue,seasonal
2021-11-28,6,332,11.582767434123324,149,1725.8323476843752,0.7929933490395569
2021-11-29,0,333,11.592439373394896,135,1564.9793154083109,0.6925572196811884
2021-11-30,1,334,11.634309280868838,115,1337.9455672999163,0.7338624343555061
2021-12-01,2,335,11.64487540572846,141,1641.9274322077129,0.8888409721791035
2021-12-02,3,336,11.634755291811047,183,2129.1602184014214,1.0438513751382976
2021-12-03,4,337,11.604155796419457,179,2077.143887559083,1.0852521757770046
2021-12-04,5,338,11.576670806439015,184,2130.107428384779,0.984975324887645
2021-12-05,6,339,11.54751276925073,148,1709.031889849108,0.8216610830448373
2021-12-06,0,340,11.58977799133835,121,1402.3631369519403,0.72143937185729
2021-12-07,1,341,11.596255149113377,119,1379.9543627444918,0.7629504355606196
2021-12-08,2,342,11.583135529711042,154,1783.8028715755004,0.9181261922738593
2021-12-09,3,343,11.561533947521202,191,2208.2529839765493,1.0733251255431075
2021-12-10,4,344,11.542267292503789,177,2042.9813107731707,1.1149057120466863
2021-12-11,5,345,11.52855504658992,178,2052.082798293006,1.0147998493025945
2021-12-12,6,346,11.558177290389006,159,1837.7501891718518,0.8516477472179824
2021-12-13,0,347,11.557503414929311,130,1502.4754439408105,0.751579279356055
2021-12-14,1,348,11.52492827101044,134,1544.340388315399,0.7932346445430852
2021-12-15,2,349,11.576925016838075,165,1910.1926277782825,0.948545718138486
2021-12-16,3,350,11.551265759557692,204,2356.458214949769,1.1038709435910434
2021-12-17,4,351,11.537969046747339,178,2053.7584903210263,1.145568760155979
2021-12-18,5,352,11.567453766718979,176,2035.8718629425402,1.0455710306134922
2021-12-19,6,353,11.57679668401828,138,1597.5979423945228,0.8825179328285294
2021-12-20,0,354,11.566221095416802,130,1503.6087424041843,0.782539311027185
2021-12-21,1,355,11.538509257438557,158,1823.0844626752921,0.8242753374124074
2021-12-22,2,356,11.516753955175664,153,1762.0633551418766,0.9796578634419584
2021-12-23,3,357,11.496353315003006,208,2391.2414895206252,1.1350453113917125
2021-12-24,4,358,11.496511565187067,177,2034.882547038111,1.1767961020790638
2021-12-25,5,359,11.500811399795362,179,2058.64524056337,1.0768420825867906
2021-12-26,6,360,11.497465936395256,159,1828.097083886846,0.9138234178276212
2021-12-27,0,361,11.49658343189156,151,1735.9840982156256,0.8138699418244004
2021-12-28,1,362,11.472936970119541,164,1881.5616630996046,0.8556218193288361
2021-12-29,2,363,11.479533980408764,176,2020.3979805519425,1.011010897101664
2021-12-30,3,364,11.508351974655788,199,2290.162042956502,1.166395595477337
2021-12-31,4,365,11.504688357732796,212,2438.9939318393526,1.2081343360880017
2022-01-01,5,1,11.500586006461932,199,2288.6166152859246,1.1081589695871261
2022-01-02,6,2,11.502453940103619,178,2047.4368013384442,0.9451096672130401
2022-01-03,0,3,11.527619072643306,130,1498.5904794436299,0.8451162720671801
2022-01-04,1,4,11.50748338581395,162,1864.21230850186,0.8868189607301348
2022-01-05,2,5,11.540134617097639,194,2238.786115716942,1.0421495945383572
2022-01-06,3,6,11.549614198045205,209,2413.8693673914477,1.1974666111444994
2022-01-07,4,7,11.550259655362167,219,2529.5068645243146,1.2391284522362858
2022-01-08,5,8,11.57756352178743,201,2327.0902678792736,1.1390669912541886
2022-01-09,6,9,11.550961286517555,165,1905.9086122753968,0.9759224249481747
2022-01-10,0,10,11.562709889643978,146,1688.1556438880207,0.8758246246484392
2022-01-11,1,11,11.572393980291046,162,1874.7278248071495,0.9174137978730739
2022-01-12,2,12,11.551341620810643,186,2148.5495414707793,1.0726218395956078
2022-01-13,3,13,11.561708253825866,237,2740.1248561567304,1.2278072237953759
2022-01-14,4,14,11.568084019702813,222,2568.1146523740244,1.2693284311656283
2022-01-15,5,15,11.564061529161268,177,2046.8388906615444,1.1691173768196275
2022-01-16,6,16,11.583479185904068,175,2027.108857533212,1.0058143018350945
2022-01-17,0,17,11.570611891136805,168,1943.8627977109832,0.9055491245117624
2022-01-18,1,18,11.576695454377091,161,1863.8479681547117,0.9469621019651485
2022-01-19,2,19,11.573732143890135,182,2106.4192501880048,1.1019851813793955
2022-01-20,3,20,11.559898429175249,197,2277.299990547524,1.2569768915421622
2022-01-21,4,21,11.571215818509359,203,2348.9568111574,1.298295770536495
2022-01-22,5,22,11.566540738116311,201,2324.8746883613785,1.1978737934299182
2022-01-23,6,23,11.533390817114165,149,1718.4752317500106,1.0343512638011163
2022-01-24,0,24,11.492857933678373,160,1838.8572693885396,0.9338581649789705
2022-01-25,1,25,11.510615624134141,162,1864.719731109731,0.9750348216170448
2022-01-26,2,26,11.483146092761395,185,2124.382027160858,1.1298132509265058
2022-01-27,3,27,11.489433623838188,220,2527.675397244401,1.2845520541900264
2022-01-28,4,28,11.490670312870963,225,2585.4008203959665,1.325609844432457
2022-01-29,5,29,11.482376527585005,215,2468.710953430776,1.224918674087566
2022-01-30,6,30,11.526411232525067,166,1913.384264599161,1.0611189265018133
2022-01-31,0,31,11.53045478541167,179,2063.951406588689,0.9603406671497428
2022-02-01,1,32,11.547460271103452,174,2009.2580871720006,1.0012243051841292
2022-02-02,2,33,11.553870042753005,209,2414.7588389353778,1.1557019446438417
2022-02-03,3,34,11.548659262080697,232,2679.2889488027217,1.3101322759421243
2022-02-04,4,35,11.548229670914543,224,2586.8034462848577,1.3508740035107145
2022-02-05,5,36,11.581054087381972,241,2791.034035059055,1.2498592734395872
2022-02-06,6,37,11.605541830988557,174,2019.3642785920088,1.0857285649528723
2022-02-07,0,38,11.649471167228144,166,1933.812213759872,0.9846120415960301
2022-02-08,1,39,11.65445920908591,172,2004.5669839627767,1.0251502127567425
2022-02-09,2,40,11.634723793616448,227,2641.0823011509337,1.1792752848431722
2022-02-10,3,41,11.624809986504951,229,2662.081486909634,1.333346052741886
2022-02-11,4,42,11.598079110347973,250,2899.5197775869933,1.373721327431015
2022-02-12,5,43,11.615341391940174,237,2752.8359098898213,1.2723333635884289
2022-02-13,6,44,11.60215538078796,211,2448.0547853462595,1.1078227510354768
2022-02-14,0,45,11.533395635738598,164,1891.4768842611302,1.0063197658913925
2022-02-15,1,46,11.58884275837932,183,2120.7582247834157,1.0464650320608293
2022-02-16,2,47,11.57600141436974,231,2674.0563267194098,1.2001908723781574
2022-02-17,3,48,11.563025270567117,244,2821.3781660183763,1.3538562000310015
2022-02-18,4,49,11.60064479031213,264,3062.570224642402,1.3938199461381195
2022-02-19,5,50,11.573453164703267,205,2372.5578987641697,1.2920144873222017
2022-02-20,6,51,11.599032411234308,194,2250.212287779456,1.1270805371173453
2022-02-21,0,52,11.585812054678728,185,2143.3752301155646,1.0251484970869218
2022-02-22,1,53,11.556020118498196,196,2264.9799432256464,1.0648591182737779
2022-02-23,2,54,11.594407193250861,221,2562.3639897084404,1.2181448523069613
2022-02-24,3,55,11.615181434050356,234,2717.9524555677835,1.3713647427870816
2022-02-25,4,56,11.63588600040052,250,2908.97150010013,1.4108778528255501
2022-02-26,5,57,11.64416006617938,216,2515.138574294746,1.3086166925782607
2022-02-27,6,58,11.65764281209088,185,2156.663920236813,1.143222110613528
2022-02-28,0,59,11.629913170485413,178,2070.1245443464036,1.0408246449897416
2022-03-01,1,60,11.6324249660575,170,1977.5122442297748,1.0800651846654774
2022-03-02,2,61,11.611523211070196,221,2566.1466296465132,1.2328763205650632
2022-03-03,3,62,11.580265188940437,243,2814.004440912526,1.3856172369227793
2022-03-04,4,63,11.58951366872,241,2793.07279416152,1.4246471387804047
2022-03-05,5,64,11.615577754217913,232,2694.814038978556,1.321898679478844
2022-03-06,6,65,11.606950062083435,192,2228.5344119200195,1.1560128519836357
2022-03-07,0,66,11.602178724801938,171,1983.9725619411313,1.0531203399198228
2022-03-08,1,67,11.576564713573434,185,2141.6644720110853,1.0918621789389265
2022-03-09,2,68,11.576727135008358,237,2743.684330996981,1.2441711077410451
2022-03-10,3,69,11.593832601812196,262,3037.5841416747953,1.396406459375248
2022-03-11,4,70,11.611645885513965,216,2508.1155112710167,1.4349275886930926
2022-03-12,5,71,11.623915042276693,221,2568.8852243431493,1.3316672997957233
2022-03-13,6,72,11.609997286372401,217,2519.3694111428113,1.1652667373148458
2022-03-14,0,73,11.595366171686257,188,2179.928840277016,1.0618567374025882
2022-03-15,1,74,11.613266701108097,221,2566.5319409448894,1.1000784890532913
2022-03-16,2,75,11.631540687822584,200,2326.308137564517,1.2518648850801688
2022-03-17,3,76,11.627669951108484,247,2872.0344779237953,1.4035754133700284
2022-03-18,4,77,11.618078978179884,276,3206.5897979776482,1.4415695842909055
2022-03-19,5,78,11.644347803213828,240,2794.6434727713186,1.337780358093083
2022-03-20,6,79,11.636247180346334,203,2362.1581776103058,1.170849036143826
2022-03-21,0,80,11.653034339811732,193,2249.0356275836643,1.066906611870753
2022-03-22,1,81,11.649954692462321,198,2306.6910291075396,1.1045944320370105
2022-03-23,2,82,11.626380030767384,233,2708.9465471688004,1.2558455476712365
2022-03-24,3,83,11.66266501767736,242,2822.3649342779213,1.4070196052753619
2022-03-25,4,84,11.665367048367841,256,2986.3339643821673,1.4444762741852744
2022-03-26,5,85,11.649371798213485,238,2772.5504879748096,1.3401486739247188
2022-03-27,6,86,11.6180718010251,209,2428.1770064142456,1.1726782653927992
2022-03-28,0,87,11.589040411310949,201,2329.3971226735007,1.0681962017601223
2022-03-29,1,88,11.580648062782236,183,2119.2585954891492,1.1053439896966253
2022-03-30,2,89,11.62397297152975,226,2627.0178915657234,1.2560548402541538
2022-03-31,3,90,11.610815191415195,238,2763.3740155568166,1.4066885600268415
2022-04-01,4,91,11.64339007461597,237,2759.483447683985,1.4436049784643412
2022-04-02,5,92,11.640447246186053,238,2770.4264445922804,1.3387373751782548
2022-04-03,6,93,11.613865528281723,213,2473.753357524007,1.1707273710822492
2022-04-04,0,94,11.603215939190168,181,2100.18208499342,1.065706279240738
2022-04-05,1,95,11.574387383669915,202,2338.026251501323,1.1023157660493512
2022-04-06,2,96,11.555123865580667,209,2415.0208879063593,1.2524892020701792
2022-04-07,3,97,11.53519015917675,255,2941.4734905900714,1.4025865531448822
2022-04-08,4,98,11.492345168621942,271,3114.4255406965462,1.4389678076607335
2022-04-09,5,99,11.526390552385905,240,2766.333732572617,1.333566403809951
2022-04-10,6,100,11.531139477850974,199,2294.696756092344,1.1650241206828287
2022-04-11,0,101,11.515694823961507,195,2245.560490672494,1.0594724290695428
2022-04-12,1,102,11.520685468593385,168,1935.4751587236888,1.095553152593904
2022-04-13,2,103,11.501883033013883,216,2484.4067351309986,1.2451998185019586
2022-04-14,3,104,11.44177094550721,256,2929.093362049846,1.39477254872871
2022-04-15,4,105,11.508311111362987,228,2623.8949333907613,1.4306314871179162
2022-04-16,5,106,11.512578045086665,220,2532.7671699190664,1.324710226635347
2022-04-17,6,107,11.499322342365833,187,2150.373278022411,1.1556507004160448
2022-04-18,0,108,11.45579970683839,193,2210.9693434198093,1.0495845325204773
2022-04-19,1,109,11.422173956332353,201,2295.856965222803,1.0851536990228445
2022-04-20,2,110,11.459408196847145,250,2864.8520492117864,1.2342918787546273
2022-04-21,3,111,11.49320923278175,238,2735.3837974020566,1.383359344326223
2022-04-22,4,112,11.510160291477627,255,2935.090874326795,1.4187163893022223
2022-04-23,5,113,11.485065550367683,249,2859.781322041553,1.3122967553702434
2022-04-24,6,114,11.519047423373578,194,2234.6952001344744,1.1427425233441353
2022-04-25,0,115,11.529169753907048,169,1948.4296884102912,1.0361854638763732
2022-04-26,1,116,11.543908788890132,196,2262.606122622466,1.0712676985029264
2022-04-27,2,117,11.553949838930539,208,2403.221566497552,1.2199230503437013
2022-04-28,3,118,11.52003518375288,222,2557.447810793139,1.368511935081421
2022-04-29,4,119,11.493070644235576,239,2746.8438839723026,1.4033947880945055
2022-04-30,5,120,11.481588215349884,212,2434.0967016541754,1.2965054915839023
2022-05-01,6,121,11.49607328792537,189,2172.757851417895,1.1264862655345564
2022-05-02,0,122,11.465006747650131,168,1926.121133605222,1.0194690183867676
2022-05-03,1,123,11.461060587218151,183,2097.3740874609216,1.0540960080400283
2022-05-04,2,124,11.45708600090489,215,2463.2734901945514,1.2023011925131586
2022-05-05,3,125,11.474926559526404,241,2765.4573008458633,1.3504451208831891
2022-05-06,4,126,11.490110001510347,252,2895.507720380607,1.384888360378713
2022-05-07,5,127,11.467374928256334,220,2522.8224842163936,1.2775649234676487
2022-05-08,6,128,11.499932512746094,197,2265.4867050109806,1.1071171587800888
2022-05-09,0,129,11.473753870961044,199,2283.2770203212476,0.9996771017416349
2022-05-10,1,130,11.49833465334686,166,1908.7235524555786,1.0338871355394457
2022-05-11,2,131,11.485953675780772,194,2228.27501310147,1.1816813417453278
2022-05-12,3,132,11.489642819419204,235,2700.0660625635132,1.3294203912181017
2022-05-13,4,133,11.494728653500676,241,2770.229605493663,1.363464971160656
2022-05-14,5,134,11.49917804746109,199,2288.3364314447567,1.25574921217237
2022-05-15,6,135,11.514357611007407,184,2118.641800425363,1.0849155791368656
2022-05-16,0,136,11.523167383262855,141,1624.7666010400626,0.977096221820808
2022-05-17,1,137,11.540803359395213,190,2192.7526382850906,1.0109336358062369
2022-05-18,2,138,11.551259603419393,204,2356.456959097556,1.1583620130802528
2022-05-19,3,139,11.52280311451787,243,2800.0411568278423,1.3057421329046859
2022-05-20,4,140,11.528874926325054,219,2524.823608865187,1.3394347888410236
2022-05-21,5,141,11.51618506837296,198,2280.204643537846,1.2313742157713226
2022-05-22,6,142,11.491221183594421,200,2298.244236718884,1.060202980755075
2022-05-23,0,143,11.484698354391119,164,1883.4905301201436,0.9520533335976404
2022-05-24,1,144,11.488822060432513,156,1792.256241427472,0.9855678677531278
2022-05-25,2,145,11.494440981792339,197,2264.4048734130906,1.1326808708848823
2022-05-26,3,146,11.518206754624305,200,2303.641350924861,1.2797532157069
2022-05-27,4,147,11.547627667046685,227,2621.3114804195975,1.3131457869810432
2022-05-28,5,148,11.555195646744416,195,2253.2631511151612,1.2047929085109272
2022-05-29,6,149,11.566833094391853,168,1943.2279598578314,1.0333372339724414
2022-05-30,0,150,11.568978018402118,168,1943.5883070915559,0.9249110974565128
2022-05-31,1,151,11.586244380922416,158,1830.6266121857418,0.9581571743470179
2022-06-01,2,152,11.597204019446727,204,2365.829619967132,1.105009831856986
2022-06-02,3,153,11.595977768199651,195,2261.215664798932,1.2518300198464272
2022-06-03,4,154,11.644408005332952,230,2678.213841226579,1.28497869779675
2022-06-04,5,155,11.632116181869636,209,2431.112282010754,1.1763902617823754
2022-06-05,6,156,11.664848647454438,179,2088.0079078943445,1.004707435280014
2022-06-06,0,157,11.634370367297517,155,1803.327406931115,0.8960626196906236
2022-06-07,1,158,11.652680758097185,165,1922.6923250860355,0.9290985551973987
2022-06-08,2,159,11.685010641711983,160,1869.6017026739173,1.0757496712827845
2022-06-09,3,160,11.64208879220897,209,2433.1965575716745,1.2223769775278603
2022-06-10,4,161,11.645215866426971,224,2608.5283540796418,1.255341490569068
2022-06-11,5,162,11.661316216028862,207,2413.8924567179743,1.1465776610528828
2022-06-12,6,163,11.6669866416559,151,1761.7149828900408,0.9747282644288789
2022-06-13,0,164,11.675497018048171,182,2124.940457284767,0.8659257514563405
2022-06-14,1,165,11.678562712054296,176,2055.427037321556,0.8988129090475883
2022-06-15,2,166,11.653936731098018,185,2155.978295253133,1.0453242107711915
2022-06-16,3,167,11.707229453506175,217,2540.46879141084,1.1918207076382392
2022-06-17,4,168,11.69589736443636,222,2596.489214904872,1.2246634550468127
2022-06-18,5,169,11.70566813677929,194,2270.899618535182,1.1157869397251716
2022-06-19,6,170,11.691111049083137,147,1718.5933242152212,0.9438339705141215
2022-06-20,0,171,11.639892886043327,160,1862.3828617669324,0.834937028863741
2022-06-21,1,172,11.619086779899641,147,1708.0057566452472,0.8677389296676072
2022-06-22,2,173,11.586508479100377,193,2236.196136466373,1.0141741717577197
2022-06-23,3,174,11.61107414035722,219,2542.825236738231,1.160603828683278
2022-06-24,4,175,11.597416612468152,197,2284.691072656226,1.193388975648485
2022-06-25,5,176,11.585847018064177,187,2166.5533923780013,1.0844641164498368
2022-06-26,6,177,11.561894319938277,145,1676.4746763910503,0.9124720742534871
2022-06-27,0,178,11.564010580882266,144,1665.2175236470464,0.8035453420876771
2022-06-28,1,179,11.54788672543122,145,1674.4435751875267,0.8363267436735728
2022-06-29,2,180,11.570219608462674,178,2059.499090306356,0.982750783917518
2022-06-30,3,181,11.57701698510739,203,2350.1344479768,1.1291785396880507
2022-07-01,4,182,11.564148080486046,193,2231.8805795338067,1.1619710867527329
2022-07-02,5,183,11.583282523743344,192,2223.990244558722,1.0530629267152625
2022-07-03,6,184,11.583461224732318,158,1830.1868735077062,0.8810968777934796
2022-07-04,0,185,11.583945011290888,148,1714.4238616710516,0.7722054253132589
2022-07-05,1,186,11.551028501504387,143,1651.7970757151274,0.8050313825415962
2022-07-06,2,187,11.549428712398067,152,1755.513164284506,0.9515092411820865
2022-07-07,3,188,11.55666505500134,229,2646.4762975953067,1.0980000621556796
2022-07-08,4,189,11.586676895442071,167,1934.975041538826,1.1308649025423707
2022-07-09,5,190,11.56975557491022,173,2001.567714459468,1.0220382425237815
2022-07-10,6,191,11.621024271291699,166,1929.090029034422,0.8501628761675378
2022-07-11,0,192,11.633556558982853,123,1430.927456754891,0.7413712619283103
2022-07-12,1,193,11.599362286878732,143,1658.7088070236587,0.7743061834888744
2022-07-13,2,194,11.580341154590117,168,1945.4973139711396,0.9209021002643422
2022-07-14,3,195,11.612320654584416,174,2020.5437938976884,1.0675200381924925
2022-07-15,4,196,11.640299451033735,202,2351.3404891088144,1.100521016685822
2022-07-16,5,197,11.64070664373872,172,2002.20154272306,0.9918394755853105
2022-07-17,6,198,11.644080532552179,155,1804.8324825455877,0.8201181659566545
2022-07-18,0,199,11.617871048986082,137,1591.6483337110933,0.7114895006042516
