data/processed/21755_timeseries.csv
date,day_of_week,day_of_year,price,demand,revenue,seasonal
2022-07-19,1,200,11.647610037697671,133,1549.1321350137903,0.7445962149255871
2022-07-20,2,201,11.625380399326785,144,1674.054777503057,0.8913727174298736
2022-07-21,3,202,11.644391246791457,185,2154.2123806564196,1.0381799805434422
2022-07-22,4,203,11.674818878284716,174,2031.4184848215407,1.071378967577649
2022-07-23,5,204,11.675902616111358,158,1844.7926133455946,0.9629040596992681
2022-07-24,6,205,11.697678651211591,153,1789.7448336353734,0.7913979467440913
2022-07-25,0,206,11.739259670764714,109,1279.5793041133538,0.6829929777491514
2022-07-26,1,207,11.74529029233623,128,1503.3971574190375,0.7163318218258461
2022-07-27,2,208,11.741345135591065,144,1690.7536995251132,0.8633488186982979
2022-07-28,3,209,11.739840616087095,184,2160.1306733600254,1.010404869529229
2022-07-29,4,210,11.72311971840637,164,1922.5916338186446,1.0438608639087634
2022-07-30,5,211,11.705890301590381,154,1802.7071064449187,0.9356511068468858
2022-07-31,6,212,11.715846638974323,137,1605.0709895394823,0.7644182096095066
2022-08-01,0,213,11.712156958171887,104,1218.0643236498763,0.6562944402738916
2022-08-02,1,214,11.719528882626904,110,1289.1481770889593,0.6899223846259324
2022-08-03,2,215,11.685997959952521,149,1741.2136960329258,0.8372362967231032
2022-08-04,3,216,11.683913578909852,174,2033.0009627303143,0.9845969897457375
2022-08-05,4,217,11.70709631864021,165,1931.6708925756345,1.0183652630119033
2022-08-06,5,218,11.681914995659701,136,1588.7404394097193,0.9104753289966084
2022-08-07,6,219,11.682286921607323,133,1553.744160573774,0.7395697041953097
2022-08-08,0,220,11.640549051564319,118,1373.5847880845897,0.6317805597073282
2022-08-09,1,221,11.611169707941094,97,1126.2834616702862,0.6657503821620516
2022-08-10,2,222,11.629346067226379,138,1604.8497572772403,0.8134133243110789
2022-08-11,3,223,11.62238564296625,178,2068.7846444479924,0.9611300959096056
2022-08-12,4,224,11.66339128228006,187,2181.054169786371,0.9952613907619331
2022-08-13,5,225,11.67312338824859,150,1750.9685082372885,0.8877413137719348
2022-08-14,6,226,11.685064411501514,145,1694.3343396677196,0.717212271838448
2022-08-15,0,227,11.660838248266966,109,1271.0313690610992,0.6098063244711616
2022-08-16,1,228,11.652171475121191,113,1316.6953766886945,0.6441658447498892
2022-08-17,2,229,11.635683542285195,131,1524.2745440393605,0.7922248699503559
2022-08-18,3,230,11.61170584056525,173,2008.8251104177882,0.9403439924597897
2022-08-19,4,231,11.626646715096944,144,1674.23712697396,0.9748837868572674
2022-08-20,5,232,11.646102592215392,155,1805.1459017933857,0.8677782369993831
2022-08-21,6,233,11.655080649570996,132,1538.4706457433715,0.6976696269516746
2022-08-22,0,234,11.63644504761718,97,1128.7351696188664,0.5906898916407892
2022-08-23,1,235,11.643888106995293,96,1117.8132582715482,0.6254812778507014
2022-08-24,2,236,11.600843395591484,135,1566.1138584048504,0.7739776948859283
2022-08-25,3,237,11.630617638931328,178,2070.2499397297765,0.922539605525053
2022-08-26,4,238,11.60140284797311,142,1647.3992044121817,0.9575274531394834
2022-08-27,5,239,11.576186986539266,153,1771.1566089405078,0.8508750888179918
2022-08-28,6,240,11.578781632072427,105,1215.772071367605,0.6812246623374453
2022-08-29,0,241,11.583376230591558,123,1424.7552763627616,0.5747079728548116
2022-08-30,1,242,11.581739027796258,109,1262.4095540297922,0.6099671299435955
2022-08-31,2,243,11.556755665823713,130,1502.3782365570828,0.7589359042977099
2022-09-01,3,244,11.582261593671989,162,1876.3263781748622,0.9079746187260711
2022-09-02,4,245,11.544319409169933,165,1904.812702513039,0.9434435753128326
2022-09-03,5,246,11.510938530513519,136,1565.4876401498386,0.837276482583793
2022-09-04,6,247,11.508530889720152,97,1116.3274963028548,0.6681153465193704
2022-09-05,0,248,11.480079380645925,100,1148.0079380645925,0.5620918212892283
2022-09-06,1,249,11.507594488325276,121,1392.4189330873585,0.597847870331647
2022-09-07,2,250,11.481078839424642,114,1308.8429876944092,0.7473171171007476
2022-09-08,3,251,11.516119641037411,172,1980.7725782584348,0.8968597361046645
2022-09-09,4,252,11.539415002588614,150,1730.912250388292,0.9328358801097489
2022-09-10,5,253,11.567209856998955,152,1758.2158982638412,0.8271791073512198
2022-09-11,6,254,11.609679062675339,131,1520.8679572104693,0.6585312725906715
2022-09-12,0,255,11.611507092179908,111,1288.8772872319698,0.5530238778955132
2022-09-13,1,256,11.588710160347016,93,1077.7500449122724,0.5892987337634247
2022-09-14,2,257,11.586391974351198,114,1320.8486850760366,0.7392893099148512
2022-09-15,3,258,11.573639199274844,155,1793.9140758876008,0.8893556263767705
2022-09-16,4,259,11.557678892705763,149,1722.0941550131586,0.9258576807326844
2022-09-17,5,260,11.561073840150481,120,1387.3288608180578,0.8207288753792209
2022-09-18,6,261,11.554058955717403,102,1178.5140134831752,0.6526109086298626
2022-09-19,0,262,11.537130522400144,91,1049.878877538413,0.5476351255406859
2022-09-20,1,263,11.531607756440835,111,1280.0084609649327,0.5844431790813559
2022-09-21,2,264,11.543962483477248,136,1569.9788977529058,0.7349683809743481
2022-09-22,3,265,11.565486594696297,143,1653.8645830415705,0.8855705928255003
2022-09-23,4,266,11.52941288926171,155,1787.0589978355652,0.9226096534209447
2022-09-24,5,267,11.522589367205764,131,1509.4592071039551,0.8180188060307673
2022-09-25,6,268,11.519408446940295,120,1382.3290136328353,0.6504395895598944
2022-09-26,0,269,11.492795905570555,82,942.4092642567855,0.5460031894210681
2022-09-27,1,270,11.490101935309704,93,1068.5794799838025,0.5833510987531326
2022-09-28,2,271,11.493432567525137,129,1482.6528012107426,0.7344164693076848
2022-09-29,3,272,11.505108907494696,142,1633.7254648642468,0.8855590026268909
2022-09-30,4,273,11.506845344181206,119,1369.3145959575636,0.9231383773879831
2022-10-01,5,274,11.48701963114673,137,1573.721689467102,0.8190876767542968
2022-10-02,6,275,11.532300244869486,106,1222.4238259561655,0.6520482795736149
2022-10-03,0,276,11.550959692570823,99,1143.5450095645115,0.5481512112985735
2022-10-04,1,277,11.563398616896736,108,1248.8470506248475,0.5860378052523477
2022-10-05,2,278,11.586012283383697,142,1645.213744240485,0.7376410535626584
2022-10-06,3,279,11.591517197957542,153,1773.5021312875037,0.8893204983868853
2022-10-07,4,280,11.620465321360475,172,1998.7200352740017,0.9274356593037927
2022-10-08,5,281,11.621745221151862,143,1661.9095666247163,0.8239194607117325
2022-10-09,6,282,11.621784547639333,112,1301.6398693356052,0.6574131230739155
2022-10-10,0,283,11.636080326022197,96,1117.063711298131,0.5540475138860449
2022-10-11,1,284,11.671556156981188,90,1050.4400541283069,0.5924638089884496
2022-10-12,2,285,11.705584719348902,118,1381.2589968831705,0.7445948435469569
2022-10-13,3,286,11.718926718586197,160,1875.0282749737914,0.8968000033244862
2022-10-14,4,287,11.730553037126302,166,1947.2718041629662,0.9354386521191198
2022-10-15,5,288,11.746217429366787,144,1691.4553098288175,0.8324435592084649
2022-10-16,6,289,11.768398768234638,106,1247.4502694328717,0.6664557906409019
2022-10-17,0,290,11.79762665175134,100,1179.762665175134,0.5636060602488714
2022-10-18,1,291,11.79230234129179,124,1462.245490320182,0.6025353910067043
2022-10-19,2,292,11.821965230667288,137,1619.6092366014186,0.7551764660566713
2022-10-20,3,293,11.82968431490372,143,1691.6448570312318,0.9078885200257539
2022-10-21,4,294,11.844333491583212,160,1895.093358653314,0.9470307665082782
2022-10-22,5,295,11.87543417723666,130,1543.8064430407658,0.8445358255550078
2022-10-23,6,296,11.892246767858893,116,1379.5006250716315,0.6790446150085014
2022-10-24,0,297,11.912861192444264,98,1167.460396859538,0.5766877015603423
2022-10-25,1,298,11.904097351974485,110,1309.4507087171933,0.6161059621525664
2022-10-26,2,299,11.937816762380479,119,1420.600194723277,0.7692319350469851
2022-10-27,3,300,11.953473149613579,156,1864.7418113397184,0.9224247111848848
2022-10-28,4,301,11.956310250946558,155,1853.2280888967166,0.9620433617122376
2022-10-29,5,302,11.981089863233507,128,1533.5795024938889,0.8600203655110035
2022-10-30,6,303,12.039328831610371,122,1468.7981174564652,0.6949965005763439
2022-10-31,0,304,12.013022256602671,112,1345.4584927394992,0.5931021951151917
2022-11-01,1,305,11.994934302677407,112,1343.4326418998696,0.6329781889889137
2022-11-02,2,306,12.055366935764798,152,1832.4157742362493,0.7865568848230545
2022-11-03,3,307,12.064969677307973,155,1870.0702999827358,0.9401972394073372
2022-11-04,4,308,12.069265187847611,143,1725.9049218622083,0.9802581912605346
2022-11-05,5,309,12.066668438730689,168,2027.2002977067557,0.8786720882012107
2022-11-06,6,310,12.09386421763002,119,1439.1698418979724,0.714079578763669
2022-11-07,0,311,12.15263017991912,87,1057.2788256529634,0.6126109633348996
2022-11-08,1,312,12.137660152159594,115,1395.8309174983533,0.6529068556351164
2022-11-09,2,313,12.135479947290644,138,1674.696232726109,0.8068995338648867
2022-11-10,3,314,12.127586854536984,166,2013.1794178531393,0.9609478321419829
2022-11-11,4,315,12.144079936385438,158,1918.7646299488993,1.0014105681027492
2022-11-12,5,316,12.17158982655059,155,1886.5964231153416,0.9002199705083819
2022-11-13,6,317,12.208068820560335,118,1440.5521208261196,0.7360165706963915
2022-11-14,0,318,12.225323769002333,111,1357.010938359259,0.6349305537521875
2022-11-15,1,319,12.282021200649039,109,1338.7403108707454,0.675602420023799
2022-11-16,2,320,12.269086419625902,134,1644.0575802298708,0.8299643363025928
2022-11-17,3,321,12.250305135115807,181,2217.305229455961,0.9843750272931404
2022-11-18,4,322,12.28337263930792,173,2125.0234666002702,1.025193203247003
2022-11-19,5,323,12.286136973209548,164,2014.9264636063658,0.9243509876008325
2022-11-20,6,324,12.255171519694265,137,1678.9584981981143,0.7604888084590478
2022-11-21,0,325,12.24805854168963,96,1175.8136200022045,0.6597367497960145
2022-11-22,1,326,12.25381212419209,129,1580.7417640207796,0.7007352130007033
2022-11-23,2,327,12.239268346798761,136,1664.5404951646315,0.8554162680867776
2022-11-24,3,328,12.216433469584011,177,2162.30872411637,1.01013854519109
2022-11-25,4,329,12.211760788461074,161,1966.0934869422329,1.0512606622355096
2022-11-26,5,330,12.187803528409376,164,1998.7997786591377,0.9507146525923831
2022-11-27,6,331,12.202097113915206,125,1525.2621392394008,0.787140856593893
2022-11-28,0,332,12.15835190374516,101,1227.9935422782612,0.6866692727602566
2022-11-29,1,333,12.160386911263934,158,1921.3411319797017,0.7279402193697163
2022-11-30,2,334,12.172078449782857,167,2032.7371011137373,0.8828856856932051
2022-12-01,3,335,12.170040824674462,152,1849.8462053505182,1.0378642235168092
2022-12-02,4,336,12.194643739659224,183,2231.619804357638,1.0792343748268258
2022-12-03,5,337,12.163799342220347,163,1982.6992927819165,0.9789280994976925
2022-12-04,6,338,12.148021365519272,121,1469.910585227832,0.815585666823165
2022-12-05,0,339,12.14059395582497,111,1347.6059290965718,0.7153370067655096
2022-12-06,1,340,12.15663377902636,114,1385.856250809005,0.7568223715458183
2022-12-07,2,341,12.161551278995875,167,2030.9790635923111,0.9119736868983033
2022-12-08,3,342,12.209787600423034,160,1953.5660160676855,1.0671494436115445
2022-12-09,4,343,12.191653437689812,191,2328.605806598754,1.1087081252316253
2022-12-10,5,344,12.160259297145899,171,2079.404339811949,1.0085816357673814
2022-12-11,6,345,12.200522636182441,144,1756.8752596102715,0.8454101912381341
2022-12-12,0,346,12.168321250545509,126,1533.208477568734,0.7453236709386721
2022-12-13,1,347,12.183693535431637,130,1583.8801596061128,0.7869622790445662
2022-12-14,2,348,12.161668625501086,174,2116.130340837189,0.9422578958807676
2022-12-15,3,349,12.11509874153806,189,2289.7536621506933,1.0975689694761728
2022-12-16,4,350,12.106664254992308,204,2469.759508018431,1.139253943279565
2022-12-17,5,351,12.12690744708508,174,2110.0818957928036,1.0392446838766767
2022-12-18,6,352,12.099411562850417,168,2032.70114255887,0.8761813725490317
2022-12-19,0,353,12.11237653976198,143,1732.0698451859632,0.7761938565492162
2022-12-20,1,354,12.129544737931933,129,1564.7112711932193,0.8179223107156927
2022-12-21,2,355,12.100925428436506,172,2081.359173691079,0.9732985887500882
2022-12-22,3,356,12.09579967444981,157,1899.0405488886202,1.128681114779646
2022-12-23,4,357,12.131291647662485,188,2280.682829760547,1.1704283110802514
2022-12-24,5,358,12.145933195110466,169,2052.662709973669,1.0704720257997444
2022-12-25,6,359,12.140048323057055,151,1833.1472967816153,0.9074524245223105
2022-12-26,0,360,12.149394522671264,158,1919.6043345820597,0.8074993415483002
2022-12-27,1,361,12.13397271348153,140,1698.7561798874142,0.849252941512918
2022-12-28,2,362,12.159036367167907,172,2091.35425515288,1.0046450706665366
2022-12-29,3,363,12.184090217392527,185,2254.0566902176174,1.1600341484393675
2022-12-30,4,364,12.186811197677503,203,2473.922673128533,1.2017785951658746
